time=2025-01-01T16:12:18.329-03:00 level=INFO msg="Looking in /home/chincaro/.config/browsh/config.toml for config."
time=2025-01-01T16:12:18.333-03:00 level=INFO msg="Attempting to connect to Firefox Marionette"
time=2025-01-01T16:12:18.333-03:00 level=INFO msg="Starting Firefox in headless mode"
time=2025-01-01T16:12:18.360-03:00 level=INFO msg="Using Firefox" path=/usr/bin/firefox
time=2025-01-01T16:12:18.413-03:00 level=INFO msg="Using default profile" path=/home/chincaro/.config/browsh/firefox_profile
time=2025-01-01T16:12:18.701-03:00 level=INFO msg="Sending command to Firefox Marionette" command=WebDriver:NewSession args=map[]
time=2025-01-01T16:12:18.703-03:00 level=INFO msg="Sending command to Firefox Marionette" command=Addon:Install args=map[path:/tmp/browsh-webext-addon]
time=2025-01-01T16:12:18.703-03:00 level=INFO msg="Starting Browsh CLI client"
time=2025-01-01T16:12:18.703-03:00 level=INFO msg="Starting websocket server..."
time=2025-01-01T16:12:18.705-03:00 level=INFO msg="Webextension not connected. Message not sent" message=/tty_size,87,42
time=2025-01-01T16:12:18.784-03:00 level=INFO msg=FF-MRNT buffer="50:{\"applicationType\":\"gecko\",\"marionetteProtocol\":3}"
time=2025-01-01T16:12:19.317-03:00 level=INFO msg=FF-CONSOLE stdout="[GFX1-]: RenderCompositorSWGL failed mapping default framebuffer, no dt"
time=2025-01-01T16:12:20.235-03:00 level=INFO msg=FF-MRNT buffer="61:[1,1,null,{\"value\":\"{8ff2d753-2dc8-46de-a837-fa28331d9fcf}\"}]"
time=2025-01-01T16:12:20.265-03:00 level=INFO msg="Incoming web request from browser"
time=2025-01-01T16:12:20.266-03:00 level=INFO msg="Sending command to Firefox Marionette" command=Marionette:SetContext args=map[value:chrome]
time=2025-01-01T16:12:20.266-03:00 level=INFO msg="TTY sending" message="/config,{\"browsh\":{\"custom_css\":\"\",\"use_experimental_text_visibility\":false,\"websocket-port\":3334},\"browsh_supporter\":\"♥\",\"debug\":true,\"default_search_engine_base\":\"https://www.google.com/search?q=\",\"firefox\":{\"path\":\"firefox\",\"profile\":\"browsh-default\",\"use-existing\":false,\"with-gui\":false},\"http-server\":{\"bind\":\"0.0.0.0\",\"blocked-domains\":[],\"blocked-user-agents\":[],\"columns\":100,\"footer\":\"\",\"header\":\"\",\"jpeg_compression\":0.9,\"port\":4333,\"rate-limit\":\"100000000-M\",\"render_delay\":100,\"rows\":30,\"timeout\":30},\"http-server-mode\":false,\"mobile_user_agent\":\"Mozilla/5.0 (Android 7.0; Mobile; rv:54.0) Gecko/58.0 Firefox/58.0\",\"monochrome\":false,\"name\":false,\"startup-url\":\"http://www.brow.sh\",\"time-limit\":0,\"tty\":{\"keys\":{\"next-tab\":[\"\\u001c\",\"28\",\"2\"]},\"small_pixel_frame_rate\":250},\"validurl\":null,\"version\":false}"
time=2025-01-01T16:12:20.266-03:00 level=INFO msg="Sending command to Firefox Marionette" command=WebDriver:ExecuteScript args="map[script:\n\t\tComponents.utils.import(\"resource://gre/modules/Preferences.jsm\");\n\t\tprefs = new Preferences({defaultBranch: \"root\"});\n    prefs.set(\"startup.homepage_welcome_url.additional\", '');]"
time=2025-01-01T16:12:20.266-03:00 level=INFO msg="Sending command to Firefox Marionette" command=Marionette:SetContext args=map[value:content]
time=2025-01-01T16:12:20.266-03:00 level=INFO msg="Sending command to Firefox Marionette" command=Marionette:SetContext args=map[value:chrome]
time=2025-01-01T16:12:20.266-03:00 level=INFO msg="Sending command to Firefox Marionette" command=WebDriver:ExecuteScript args="map[script:\n\t\tComponents.utils.import(\"resource://gre/modules/Preferences.jsm\");\n\t\tprefs = new Preferences({defaultBranch: \"root\"});\n    prefs.set(\"devtools.errorconsole.enabled\", true);]"
time=2025-01-01T16:12:20.266-03:00 level=INFO msg="Sending command to Firefox Marionette" command=Marionette:SetContext args=map[value:content]
time=2025-01-01T16:12:20.266-03:00 level=INFO msg="Sending command to Firefox Marionette" command=Marionette:SetContext args=map[value:chrome]
time=2025-01-01T16:12:20.266-03:00 level=INFO msg="Sending command to Firefox Marionette" command=WebDriver:ExecuteScript args="map[script:\n\t\tComponents.utils.import(\"resource://gre/modules/Preferences.jsm\");\n\t\tprefs = new Preferences({defaultBranch: \"root\"});\n    prefs.set(\"browser.dom.window.dump.enabled\", true);]"
time=2025-01-01T16:12:20.266-03:00 level=INFO msg="Sending command to Firefox Marionette" command=Marionette:SetContext args=map[value:content]
time=2025-01-01T16:12:20.266-03:00 level=INFO msg="Sending command to Firefox Marionette" command=Marionette:SetContext args=map[value:chrome]
time=2025-01-01T16:12:20.266-03:00 level=INFO msg="Sending command to Firefox Marionette" command=WebDriver:ExecuteScript args="map[script:\n\t\tComponents.utils.import(\"resource://gre/modules/Preferences.jsm\");\n\t\tprefs = new Preferences({defaultBranch: \"root\"});\n    prefs.set(\"urlclassifier.updateinterval\", 172800);]"
time=2025-01-01T16:12:20.266-03:00 level=INFO msg="Sending command to Firefox Marionette" command=Marionette:SetContext args=map[value:content]
time=2025-01-01T16:12:20.266-03:00 level=INFO msg="Sending command to Firefox Marionette" command=Marionette:SetContext args=map[value:chrome]
time=2025-01-01T16:12:20.267-03:00 level=INFO msg="Sending command to Firefox Marionette" command=WebDriver:ExecuteScript args="map[script:\n\t\tComponents.utils.import(\"resource://gre/modules/Preferences.jsm\");\n\t\tprefs = new Preferences({defaultBranch: \"root\"});\n    prefs.set(\"browser.safebrowsing.provider.0.keyURL\", 'http://localhost/safebrowsing-dummy/newkey');]"
time=2025-01-01T16:12:20.267-03:00 level=INFO msg="Sending command to Firefox Marionette" command=Marionette:SetContext args=map[value:content]
time=2025-01-01T16:12:20.267-03:00 level=INFO msg="Sending command to Firefox Marionette" command=Marionette:SetContext args=map[value:chrome]
time=2025-01-01T16:12:20.267-03:00 level=INFO msg="Sending command to Firefox Marionette" command=WebDriver:ExecuteScript args="map[script:\n\t\tComponents.utils.import(\"resource://gre/modules/Preferences.jsm\");\n\t\tprefs = new Preferences({defaultBranch: \"root\"});\n    prefs.set(\"browser.selfsupport.url\", 'https://localhost/selfrepair');]"
time=2025-01-01T16:12:20.267-03:00 level=INFO msg="Sending command to Firefox Marionette" command=Marionette:SetContext args=map[value:content]
time=2025-01-01T16:12:20.267-03:00 level=INFO msg="Sending command to Firefox Marionette" command=Marionette:SetContext args=map[value:chrome]
time=2025-01-01T16:12:20.267-03:00 level=INFO msg="Sending command to Firefox Marionette" command=WebDriver:ExecuteScript args="map[script:\n\t\tComponents.utils.import(\"resource://gre/modules/Preferences.jsm\");\n\t\tprefs = new Preferences({defaultBranch: \"root\"});\n    prefs.set(\"devtools.chrome.enabled\", true);]"
time=2025-01-01T16:12:20.267-03:00 level=INFO msg="Sending command to Firefox Marionette" command=Marionette:SetContext args=map[value:content]
time=2025-01-01T16:12:20.267-03:00 level=INFO msg="Sending command to Firefox Marionette" command=Marionette:SetContext args=map[value:chrome]
time=2025-01-01T16:12:20.267-03:00 level=INFO msg="Sending command to Firefox Marionette" command=WebDriver:ExecuteScript args="map[script:\n\t\tComponents.utils.import(\"resource://gre/modules/Preferences.jsm\");\n\t\tprefs = new Preferences({defaultBranch: \"root\"});\n    prefs.set(\"browser.safebrowsing.provider.0.gethashURL\", 'http://localhost/safebrowsing-dummy/gethash');]"
time=2025-01-01T16:12:20.269-03:00 level=INFO msg="Sending command to Firefox Marionette" command=Marionette:SetContext args=map[value:content]
time=2025-01-01T16:12:20.269-03:00 level=INFO msg="Sending command to Firefox Marionette" command=Marionette:SetContext args=map[value:chrome]
time=2025-01-01T16:12:20.269-03:00 level=INFO msg="Sending command to Firefox Marionette" command=WebDriver:ExecuteScript args="map[script:\n\t\tComponents.utils.import(\"resource://gre/modules/Preferences.jsm\");\n\t\tprefs = new Preferences({defaultBranch: \"root\"});\n    prefs.set(\"browser.safebrowsing.provider.0.updateURL\", 'http://localhost/safebrowsing-dummy/update');]"
time=2025-01-01T16:12:20.269-03:00 level=INFO msg="Sending command to Firefox Marionette" command=Marionette:SetContext args=map[value:content]
time=2025-01-01T16:12:20.269-03:00 level=INFO msg="Sending command to Firefox Marionette" command=Marionette:SetContext args=map[value:chrome]
time=2025-01-01T16:12:20.269-03:00 level=INFO msg="Sending command to Firefox Marionette" command=WebDriver:ExecuteScript args="map[script:\n\t\tComponents.utils.import(\"resource://gre/modules/Preferences.jsm\");\n\t\tprefs = new Preferences({defaultBranch: \"root\"});\n    prefs.set(\"browser.reader.detectedFirstArticle\", true);]"
time=2025-01-01T16:12:20.269-03:00 level=INFO msg="Sending command to Firefox Marionette" command=Marionette:SetContext args=map[value:content]
time=2025-01-01T16:12:20.269-03:00 level=INFO msg="Sending command to Firefox Marionette" command=Marionette:SetContext args=map[value:chrome]
time=2025-01-01T16:12:20.269-03:00 level=INFO msg="Sending command to Firefox Marionette" command=WebDriver:ExecuteScript args="map[script:\n\t\tComponents.utils.import(\"resource://gre/modules/Preferences.jsm\");\n\t\tprefs = new Preferences({defaultBranch: \"root\"});\n    prefs.set(\"datareporting.policy.firstRunURL\", '');]"
time=2025-01-01T16:12:20.269-03:00 level=INFO msg="Sending command to Firefox Marionette" command=Marionette:SetContext args=map[value:content]
time=2025-01-01T16:12:20.269-03:00 level=INFO msg="TTY sending" message=/tty_size,87,42
time=2025-01-01T16:12:20.270-03:00 level=INFO msg="TTY sending" message=/new_tab,http://www.brow.sh
time=2025-01-01T16:12:20.282-03:00 level=INFO msg=FF-MRNT buffer="25:[1,2,null,{\"value\":null}]"
time=2025-01-01T16:12:20.285-03:00 level=INFO msg=WEBEXT message="Webextension connected to the terminal's websocket server"
time=2025-01-01T16:12:20.285-03:00 level=INFO msg=WEBEXT message="Starting to listen to TTY"
time=2025-01-01T16:12:20.295-03:00 level=INFO msg=WEBEXT message="Message from terminal: /config,{\"browsh\":{\"custom_css\":\"\",\"use_experimental_text_visibility\":false,\"websocket-port\":3334},\"browsh_supporter\":\"♥\",\"debug\":true,\"default_search_engine_base\":\"https://www.google.com/search?q=\",\"firefox\":{\"path\":\"firefox\",\"profile\":\"browsh-default\",\"use-existing\":false,\"with-gui\":false},\"http-server\":{\"bind\":\"0.0.0.0\",\"blocked-domains\":[],\"blocked-user-agents\":[],\"columns\":100,\"footer\":\"\",\"header\":\"\",\"jpeg_compression\":0.9,\"port\":4333,\"rate-limit\":\"100000000-M\",\"render_delay\":100,\"rows\":30,\"timeout\":30},\"http-server-mode\":false,\"mobile_user_agent\":\"Mozilla/5.0 (Android 7.0; Mobile; rv:54.0) Gecko/58.0 Firefox/58.0\",\"monochrome\":false,\"name\":false,\"startup-url\":\"http://www.brow.sh\",\"time-limit\":0,\"tty\":{\"keys\":{\"next-tab\":[\"\\u001c\",\"28\",\"2\"]},\"small_pixel_frame_rate\":250},\"validurl\":null,\"version\":false}"
time=2025-01-01T16:12:20.295-03:00 level=INFO msg=WEBEXT message="{\"browsh\":{\"custom_css\":\"\",\"use_experimental_text_visibility\":false,\"websocket-port\":3334},\"browsh_supporter\":\"♥\",\"debug\":true,\"default_search_engine_base\":\"https://www.google.com/search?q=\",\"firefox\":{\"path\":\"firefox\",\"profile\":\"browsh-default\",\"use-existing\":false,\"with-gui\":false},\"http-server\":{\"bind\":\"0.0.0.0\",\"blocked-domains\":[],\"blocked-user-agents\":[],\"columns\":100,\"footer\":\"\",\"header\":\"\",\"jpeg_compression\":0.9,\"port\":4333,\"rate-limit\":\"100000000-M\",\"render_delay\":100,\"rows\":30,\"timeout\":30},\"http-server-mode\":false,\"mobile_user_agent\":\"Mozilla/5.0 (Android 7.0; Mobile; rv:54.0) Gecko/58.0 Firefox/58.0\",\"monochrome\":false,\"name\":false,\"startup-url\":\"http://www.brow.sh\",\"time-limit\":0,\"tty\":{\"keys\":{\"next-tab\":[\"\\u001c\",\"28\",\"2\"]},\"small_pixel_frame_rate\":250},\"validurl\":null,\"version\":false}"
time=2025-01-01T16:12:20.295-03:00 level=INFO msg=WEBEXT message="Message from terminal: /tty_size,87,42"
time=2025-01-01T16:12:20.295-03:00 level=INFO msg=WEBEXT message="Requesting browser resize for new TTY dimensions: 87x42"
time=2025-01-01T16:12:20.295-03:00 level=INFO msg=WEBEXT message="Not resizing browser window without all of the TTY and character dimensions"
time=2025-01-01T16:12:20.295-03:00 level=INFO msg=WEBEXT message="Message from terminal: /new_tab,http://www.brow.sh"
time=2025-01-01T16:12:20.323-03:00 level=INFO msg=FF-MRNT buffer="1014:[1,3,{\"error\":\"no such window\",\"message\":\"Browsing context has been discarded\",\"stacktrace\":\"RemoteError@chrome://remote/content/shared/RemoteError.sys.mjs:8:8\\nWebDriverError@chrome://remote/content/shared/webdriver/Errors.sys.mjs:193:5\\nNoSuchWindowError@chrome://remote/content/shared/webdriver/Errors.sys.mjs:679:5\\nassert.that/<@chrome://remote/content/shared/webdriver/Assert.sys.mjs:515:13\\nassert.open@chrome://remote/content/shared/webdriver/Assert.sys.mjs:147:4\\nGeckoDriver.prototype.execute_@chrome://remote/content/marionette/driver.sys.mjs:788:15\\nGeckoDriver.prototype.executeScript@chrome://remote/content/marionette/driver.sys.mjs:700:15\\ndespatch@chrome://remote/content/marionette/server.sys.mjs:318:40\\nexecute@chrome://remote/content/marionette/server.sys.mjs:289:16\\nonPacket/<@chrome://remote/content/marionette/server.sys.mjs:262:20\\nonPacket@chrome://remote/content/marionette/server.sys.mjs:263:9\\n_onJSONObjectReady/<@chrome://remote/content/marionette/transport.sys.mjs:494:20\\n\"},null]25:[1,4,null,{\"value\":null}]25:[1,5,null,{\"value\":null}]1014:[1,6,{\"error\":\"no such window\",\"message\":\"Browsing context has been discarded\",\"stacktrace\":\"RemoteError@chrome://remote/content/shared/RemoteError.sys.mjs:8:8\\nWebDriverError@chrome://remote/content/shared/webdriver/Errors.sys.mjs:193:5\\nNoSuchWindowError@chrome://remote/content/shared/webdriver/Errors.sys.mjs:679:5\\nassert.that/<@chrome://remote/content/shared/webdriver/Assert.sys.mjs:515:13\\nassert.open@chrome://remote/content/shared/webdriver/Assert.sys.mjs:147:4\\nGeckoDriver.prototype.execute_@chrome://remote/content/marionette/driver.sys.mjs:788:15\\nGeckoDriver.prototype.executeScript@chrome://remote/content/marionette/driver.sys.mjs:700:15\\ndespatch@chrome://remote/content/marionette/server.sys.mjs:318:40\\nexecute@chrome://remote/content/marionette/server.sys.mjs:289:16\\nonPacket/<@chrome://remote/content/marionette/server.sys.mjs:262:20\\nonPacket@chrome://remote/content/marionette/server.sys.mjs:263:9\\n_onJSONObjectReady/<@chrome://remote/content/marionette/transport.sys.mjs:494:20\\n\"},null]25:[1,7,null,{\"value\":null}]25:[1,8,null,{\"value\":null}]1014:[1,9,{\"error\":\"no such window\",\"message\":\"Browsing context has been discarded\",\"stacktrace\":\"RemoteError@chrome://remote/content/shared/RemoteError.sys.mjs:8:8\\nWebDriverError@chrome://remote/content/shared/webdriver/Errors.sys.mjs:193:5\\nNoSuchWindowError@chrome://remote/content/shared/webdriver/Errors.sys.mjs:679:5\\nassert.that/<@chrome://remote/content/shared/webdriver/Assert.sys.mjs:515:13\\nassert.open@chrome://remote/content/shared/webdriver/Assert.sys.mjs:147:4\\nGeckoDriver.prototype.execute_@chrome://remote/content/marionette/driver.sys.mjs:788:15\\nGeckoDriver.prototype.executeScript@chrome://remote/content/marionette/driver.sys.mjs:700:15\\ndespatch@chrome://remote/content/marionette/server.sys.mjs:318:40\\nexecute@chrome://remote/content/marionette/server.sys.mjs:289:16\\nonPacket/<@chrome://remote/content/marionette/server.sys.mjs:262:20\\nonPacket@chrome://remote/content/marionette/server.sys.mjs:263:9\\n_onJSONObjectReady/<@chrome://remote/content/marionette/transport.sys.mjs:494:20\\n\"},null]26:[1,10,null,{\"value\":null}]26:[1,11,null,{\"value\":null}]1015:[1,12,{\"error\":\"no such window\",\"message\":\"Browsing context has been discarded\",\"stacktrace\":\"RemoteError@chrome://remote/content/shared/RemoteError.sys.mjs:8:8\\nWebDriverError@chrome://remote/content/shared/webdriver/Errors.sys.mjs:193:5\\nNoSuchWindowError@chrome://remote/content/shared/webdriver/Errors.sys.mjs:679:5\\nassert.that/<@chrome://remote/content/shared/webdriver/Assert.sys.mjs:515:13\\nassert.open@chrome://remote/content/shared/webdriver/Assert.sys.mjs:147:4\\nGeckoDriver.prototype.execute_@chrome://remote/content/marionette/driver.sys.mjs:788:15\\nGeckoDriver.prototype.executeScript@chrome://remote/content/marionette/driver.sys.mjs:700:15\\ndespatch@chrome://remote/content/marionette/server.sys.mjs:318:40\\nexecute@chrome://remote/content/marionette/server.sys.mjs:289:16\\nonPacket/<@chrome://remote/content/marionette/server.sys.mjs:262:20\\nonPac"
time=2025-01-01T16:12:20.323-03:00 level=INFO msg=FF-MRNT buffer="ket@chrome://remote/content/marionette/server.sys.mjs:263:9\\n_onJSONObjectReady/<@chrome://remote/content/marionette/transport.sys.mjs:494:20\\n\"},null]26:[1,13,null,{\"value\":null}]26:[1,14,null,{\"value\":null}]1015:[1,15,{\"error\":\"no such window\",\"message\":\"Browsing context has been discarded\",\"stacktrace\":\"RemoteError@chrome://remote/content/shared/RemoteError.sys.mjs:8:8\\nWebDriverError@chrome://remote/content/shared/webdriver/Errors.sys.mjs:193:5\\nNoSuchWindowError@chrome://remote/content/shared/webdriver/Errors.sys.mjs:679:5\\nassert.that/<@chrome://remote/content/shared/webdriver/Assert.sys.mjs:515:13\\nassert.open@chrome://remote/content/shared/webdriver/Assert.sys.mjs:147:4\\nGeckoDriver.prototype.execute_@chrome://remote/content/marionette/driver.sys.mjs:788:15\\nGeckoDriver.prototype.executeScript@chrome://remote/content/marionette/driver.sys.mjs:700:15\\ndespatch@chrome://remote/content/marionette/server.sys.mjs:318:40\\nexecute@chrome://remote/content/marionette/server.sys.mjs:289:16\\nonPacket/<@chrome://remote/content/marionette/server.sys.mjs:262:20\\nonPacket@chrome://remote/content/marionette/server.sys.mjs:263:9\\n_onJSONObjectReady/<@chrome://remote/content/marionette/transport.sys.mjs:494:20\\n\"},null]26:[1,16,null,{\"value\":null}]26:[1,17,null,{\"value\":null}]1015:[1,18,{\"error\":\"no such window\",\"message\":\"Browsing context has been discarded\",\"stacktrace\":\"RemoteError@chrome://remote/content/shared/RemoteError.sys.mjs:8:8\\nWebDriverError@chrome://remote/content/shared/webdriver/Errors.sys.mjs:193:5\\nNoSuchWindowError@chrome://remote/content/shared/webdriver/Errors.sys.mjs:679:5\\nassert.that/<@chrome://remote/content/shared/webdriver/Assert.sys.mjs:515:13\\nassert.open@chrome://remote/content/shared/webdriver/Assert.sys.mjs:147:4\\nGeckoDriver.prototype.execute_@chrome://remote/content/marionette/driver.sys.mjs:788:15\\nGeckoDriver.prototype.executeScript@chrome://remote/content/marionette/driver.sys.mjs:700:15\\ndespatch@chrome://remote/content/marionette/server.sys.mjs:318:40\\nexecute@chrome://remote/content/marionette/server.sys.mjs:289:16\\nonPacket/<@chrome://remote/content/marionette/server.sys.mjs:262:20\\nonPacket@chrome://remote/content/marionette/server.sys.mjs:263:9\\n_onJSONObjectReady/<@chrome://remote/content/marionette/transport.sys.mjs:494:20\\n\"},null]26:[1,19,null,{\"value\":null}]26:[1,20,null,{\"value\":null}]1015:[1,21,{\"error\":\"no such window\",\"message\":\"Browsing context has been discarded\",\"stacktrace\":\"RemoteError@chrome://remote/content/shared/RemoteError.sys.mjs:8:8\\nWebDriverError@chrome://remote/content/shared/webdriver/Errors.sys.mjs:193:5\\nNoSuchWindowError@chrome://remote/content/shared/webdriver/Errors.sys.mjs:679:5\\nassert.that/<@chrome://remote/content/shared/webdriver/Assert.sys.mjs:515:13\\nassert.open@chrome://remote/content/shared/webdriver/Assert.sys.mjs:147:4\\nGeckoDriver.prototype.execute_@chrome://remote/content/marionette/driver.sys.mjs:788:15\\nGeckoDriver.prototype.executeScript@chrome://remote/content/marionette/driver.sys.mjs:700:15\\ndespatch@chrome://remote/content/marionette/server.sys.mjs:318:40\\nexecute@chrome://remote/content/marionette/server.sys.mjs:289:16\\nonPacket/<@chrome://remote/content/marionette/server.sys.mjs:262:20\\nonPacket@chrome://remote/content/marionette/server.sys.mjs:263:9\\n_onJSONObjectReady/<@chrome://remote/content/marionette/transport.sys.mjs:494:20\\n\"},null]26:[1,22,null,{\"value\":null}]26:[1,23,null,{\"value\":null}]1015:[1,24,{\"error\":\"no such window\",\"message\":\"Browsing context has been discarded\",\"stacktrace\":\"RemoteError@chrome://remote/content/shared/RemoteError.sys.mjs:8:8\\nWebDriverError@chrome://remote/content/shared/webdriver/Errors.sys.mjs:193:5\\nNoSuchWindowError@chrome://remote/content/shared/webdriver/Errors.sys.mjs:679:5\\nassert.that/<@chrome://remote/content/shared/webdriver/Assert.sys.mjs:515:13\\nassert.open@chrome://remote/content/shared/webdriver/Assert.sys.mjs:147:4\\nGeckoDriver.prototype.execute_@chrome://remote/content/marionette/driver.sys.mjs:788:15\\nGeckoDriver.prototype.executeScript@chrome://remote/content/marionette/driver.sys.mjs"
time=2025-01-01T16:12:20.323-03:00 level=INFO msg=FF-MRNT buffer=":700:15\\ndespatch@chrome://remote/content/marionette/server.sys.mjs:318:40\\nexecute@chrome://remote/content/marionette/server.sys.mjs:289:16\\nonPacket/<@chrome://remote/content/marionette/server.sys.mjs:262:20\\nonPacket@chrome://remote/content/marionette/server.sys.mjs:263:9\\n_onJSONObjectReady/<@chrome://remote/content/marionette/transport.sys.mjs:494:20\\n\"},null]26:[1,25,null,{\"value\":null}]26:[1,26,null,{\"value\":null}]1015:[1,27,{\"error\":\"no such window\",\"message\":\"Browsing context has been discarded\",\"stacktrace\":\"RemoteError@chrome://remote/content/shared/RemoteError.sys.mjs:8:8\\nWebDriverError@chrome://remote/content/shared/webdriver/Errors.sys.mjs:193:5\\nNoSuchWindowError@chrome://remote/content/shared/webdriver/Errors.sys.mjs:679:5\\nassert.that/<@chrome://remote/content/shared/webdriver/Assert.sys.mjs:515:13\\nassert.open@chrome://remote/content/shared/webdriver/Assert.sys.mjs:147:4\\nGeckoDriver.prototype.execute_@chrome://remote/content/marionette/driver.sys.mjs:788:15\\nGeckoDriver.prototype.executeScript@chrome://remote/content/marionette/driver.sys.mjs:700:15\\ndespatch@chrome://remote/content/marionette/server.sys.mjs:318:40\\nexecute@chrome://remote/content/marionette/server.sys.mjs:289:16\\nonPacket/<@chrome://remote/content/marionette/server.sys.mjs:262:20\\nonPacket@chrome://remote/content/marionette/server.sys.mjs:263:9\\n_onJSONObjectReady/<@chrome://remote/content/marionette/transport.sys.mjs:494:20\\n\"},null]26:[1,28,null,{\"value\":null}]26:[1,29,null,{\"value\":null}]1015:[1,30,{\"error\":\"no such window\",\"message\":\"Browsing context has been discarded\",\"stacktrace\":\"RemoteError@chrome://remote/content/shared/RemoteError.sys.mjs:8:8\\nWebDriverError@chrome://remote/content/shared/webdriver/Errors.sys.mjs:193:5\\nNoSuchWindowError@chrome://remote/content/shared/webdriver/Errors.sys.mjs:679:5\\nassert.that/<@chrome://remote/content/shared/webdriver/Assert.sys.mjs:515:13\\nassert.open@chrome://remote/content/shared/webdriver/Assert.sys.mjs:147:4\\nGeckoDriver.prototype.execute_@chrome://remote/content/marionette/driver.sys.mjs:788:15\\nGeckoDriver.prototype.executeScript@chrome://remote/content/marionette/driver.sys.mjs:700:15\\ndespatch@chrome://remote/content/marionette/server.sys.mjs:318:40\\nexecute@chrome://remote/content/marionette/server.sys.mjs:289:16\\nonPacket/<@chrome://remote/content/marionette/server.sys.mjs:262:20\\nonPacket@chrome://remote/content/marionette/server.sys.mjs:263:9\\n_onJSONObjectReady/<@chrome://remote/content/marionette/transport.sys.mjs:494:20\\n\"},null]26:[1,31,null,{\"value\":null}]26:[1,32,null,{\"value\":null}]1015:[1,33,{\"error\":\"no such window\",\"message\":\"Browsing context has been discarded\",\"stacktrace\":\"RemoteError@chrome://remote/content/shared/RemoteError.sys.mjs:8:8\\nWebDriverError@chrome://remote/content/shared/webdriver/Errors.sys.mjs:193:5\\nNoSuchWindowError@chrome://remote/content/shared/webdriver/Errors.sys.mjs:679:5\\nassert.that/<@chrome://remote/content/shared/webdriver/Assert.sys.mjs:515:13\\nassert.open@chrome://remote/content/shared/webdriver/Assert.sys.mjs:147:4\\nGeckoDriver.prototype.execute_@chrome://remote/content/marionette/driver.sys.mjs:788:15\\nGeckoDriver.prototype.executeScript@chrome://remote/content/marionette/driver.sys.mjs:700:15\\ndespatch@chrome://remote/content/marionette/server.sys.mjs:318:40\\nexecute@chrome://remote/content/marionette/server.sys.mjs:289:16\\nonPacket/<@chrome://remote/content/marionette/server.sys.mjs:262:20\\nonPacket@chrome://remote/content/marionette/server.sys.mjs:263:9\\n_onJSONObjectReady/<@chrome://remote/content/marionette/transport.sys.mjs:494:20\\n\"},null]26:[1,34,null,{\"value\":null}]"
time=2025-01-01T16:12:20.376-03:00 level=INFO msg=WEBEXT message="Tab undefined received new focus"
time=2025-01-01T16:12:20.376-03:00 level=INFO msg=WEBEXT message="New tab created: [object Object]"
time=2025-01-01T16:12:20.971-03:00 level=INFO msg=WEBEXT message="Tab 2 (Browsh) registered with background process"
time=2025-01-01T16:12:20.983-03:00 level=INFO msg=WEBEXT message="Tab 2 connected for communication with background process"
time=2025-01-01T16:12:20.984-03:00 level=INFO msg=WEBEXT message="BACKGROUND: Frame loop starting at 250ms intervals"
time=2025-01-01T16:12:20.987-03:00 level=INFO msg=WEBEXT message="[\"2\",\"Webextension postCommsInit()\"]"
time=2025-01-01T16:12:20.995-03:00 level=INFO msg=WEBEXT message="[\"2\",\"Sending big frames...\"]"
time=2025-01-01T16:12:20.996-03:00 level=INFO msg=WEBEXT message="Requesting browser resize for new char dimensions: 9x20 (old: undefinedxundefined)"
time=2025-01-01T16:12:21.001-03:00 level=INFO msg=WEBEXT message="Resizing browser window successful (783x860)"
time=2025-01-01T16:12:21.045-03:00 level=INFO msg=WEBEXT message="[\"2\",[\"get screenshot without text: 36ms\"]]"
time=2025-01-01T16:12:21.067-03:00 level=INFO msg=WEBEXT message="[\"2\",\"Using char dims 9x15\"]"
time=2025-01-01T16:12:21.068-03:00 level=INFO msg=WEBEXT message="[\"2\",\"Actual char dims 13.333328247070312x16\"]"
time=2025-01-01T16:12:21.121-03:00 level=INFO msg=WEBEXT message="[\"2\",[\"position text nodes: 49ms\"]]"
time=2025-01-01T16:12:21.212-03:00 level=INFO msg=WEBEXT message="[\"2\",[\"get screenshot with text: 92ms\"]]"
time=2025-01-01T16:12:21.302-03:00 level=INFO msg=WEBEXT message="[\"2\",\"!!MUTATION!!\",{}]"
time=2025-01-01T16:12:21.302-03:00 level=INFO msg=WEBEXT message="[\"2\",\"Using char dims 9x15\"]"
time=2025-01-01T16:12:21.302-03:00 level=INFO msg=WEBEXT message="[\"2\",\"Actual char dims 13.333328247070312x16\"]"
time=2025-01-01T16:12:21.302-03:00 level=INFO msg=WEBEXT message="[\"2\",[\"get screenshot without text: 25ms\"]]"
time=2025-01-01T16:12:21.302-03:00 level=INFO msg=WEBEXT message="[\"2\",\"Using char dims 9x15\"]"
time=2025-01-01T16:12:21.302-03:00 level=INFO msg=WEBEXT message="[\"2\",\"Actual char dims 13.333328247070312x16\"]"
time=2025-01-01T16:12:21.302-03:00 level=INFO msg=WEBEXT message="Resizing browser window successful (783x860)"
time=2025-01-01T16:12:21.325-03:00 level=INFO msg=WEBEXT message="[\"2\",[\"position text nodes: 31ms\"]]"
time=2025-01-01T16:12:21.377-03:00 level=INFO msg=WEBEXT message="[\"2\",[\"get screenshot with text: 80ms\"]]"
time=2025-01-01T16:12:21.377-03:00 level=INFO msg=WEBEXT message="[\"2\",\"!!MUTATION!!\",{}]"
time=2025-01-01T16:12:21.377-03:00 level=INFO msg=WEBEXT message="[\"2\",\"!!MUTATION!!\",{}]"
time=2025-01-01T16:12:21.377-03:00 level=INFO msg=WEBEXT message="[\"2\",\"!!MUTATION!!\",{}]"
time=2025-01-01T16:12:21.377-03:00 level=INFO msg=WEBEXT message="[\"2\",\"!!MUTATION!!\",{}]"
time=2025-01-01T16:12:21.377-03:00 level=INFO msg=WEBEXT message="[\"2\",\"Using char dims 9x15\"]"
time=2025-01-01T16:12:21.377-03:00 level=INFO msg=WEBEXT message="[\"2\",\"Actual char dims 13.333328247070312x16\"]"
time=2025-01-01T16:12:21.377-03:00 level=INFO msg=WEBEXT message="[\"2\",\"Using char dims 9x15\"]"
time=2025-01-01T16:12:21.377-03:00 level=INFO msg=WEBEXT message="[\"2\",\"Actual char dims 13.333328247070312x16\"]"
time=2025-01-01T16:12:21.452-03:00 level=INFO msg=WEBEXT message="[\"2\",[\"get screenshot without text: 22ms\"]]"
time=2025-01-01T16:12:21.517-03:00 level=INFO msg=WEBEXT message="[\"2\",[\"position text nodes: 19ms\"]]"
time=2025-01-01T16:12:21.546-03:00 level=INFO msg=WEBEXT message="[\"2\",[\"get screenshot with text: 77ms\"]]"
time=2025-01-01T16:12:21.667-03:00 level=INFO msg=WEBEXT message="[\"2\",\"Sending big frames...\"]"
time=2025-01-01T16:12:21.687-03:00 level=INFO msg=WEBEXT message="[\"2\",[\"get screenshot without text: 45ms\"]]"
time=2025-01-01T16:12:21.808-03:00 level=INFO msg=WEBEXT message="[\"2\",[\"position text nodes: 21ms\"]]"
time=2025-01-01T16:12:21.875-03:00 level=INFO msg=WEBEXT message="[\"2\",[\"get screenshot with text: 97ms\"]]"
time=2025-01-01T16:12:21.938-03:00 level=INFO msg=WEBEXT message="[\"2\",\"!!MUTATION!!\",{}]"
time=2025-01-01T16:12:21.938-03:00 level=INFO msg=WEBEXT message="[\"2\",[\"get screenshot without text: 18ms\"]]"
time=2025-01-01T16:12:21.938-03:00 level=INFO msg=WEBEXT message="[\"2\",[\"position text nodes: 13ms\"]]"
time=2025-01-01T16:12:21.956-03:00 level=INFO msg=WEBEXT message="[\"2\",[\"get screenshot with text: 66ms\"]]"
time=2025-01-01T16:12:22.485-03:00 level=INFO msg=FF-MRNT buffer="753:[1,0,null,{\"sessionId\":\"019ca07d-7ec3-4dee-82d2-783cef477596\",\"capabilities\":{\"acceptInsecureCerts\":false,\"browserName\":\"firefox\",\"browserVersion\":\"133.0.3\",\"platformName\":\"linux\",\"unhandledPromptBehavior\":\"dismiss and notify\",\"userAgent\":\"Mozilla/5.0 (X11; Linux x86_64; rv:133.0) Gecko/20100101 Firefox/133.0\",\"moz:buildID\":\"20241211112127\",\"moz:headless\":true,\"moz:platformVersion\":\"6.12.7-zen1-1-zen\",\"moz:processID\":17813,\"moz:profile\":\"/home/chincaro/.config/browsh/firefox_profile\",\"moz:shutdownTimeout\":60000,\"pageLoadStrategy\":\"normal\",\"timeouts\":{\"implicit\":0,\"pageLoad\":300000,\"script\":30000},\"setWindowRect\":true,\"strictFileInteractability\":false,\"moz:accessibilityChecks\":false,\"moz:webdriverClick\":true,\"moz:windowless\":false,\"proxy\":{}}}]"
time=2025-01-01T16:12:22.485-03:00 level=INFO msg=WEBEXT message="[\"2\",\"PAGE LOADED\"]"
time=2025-01-01T16:12:24.341-03:00 level=INFO msg="Sending command to Firefox Marionette" command=Marionette:Quit args=map[]
time=2025-01-01T16:12:24.343-03:00 level=ERROR msg="shutting down" errorStack="*errors.errorString normal\nsrc/github.com/browsh-org/browsh/interfacer/src/browsh/tty.go:20 (0x782775)\n/usr/lib/go/src/runtime/proc.go:7290 (0x447c88)\n\tdoInit1: f()\n/usr/lib/go/src/runtime/proc.go:7256 (0x439545)\n\tdoInit: for _, t := range ts {\n/usr/lib/go/src/runtime/proc.go:254 (0x43942e)\n\tmain: doInit(m.inittasks)\n/usr/lib/go/src/runtime/asm_amd64.s:1700 (0x475c01)\n\tgoexit: BYTE\t$0x90\t// NOP\n"
